**********************
Début de la transcription Windows PowerShell
Heure de début : 20251218171315
Nom d'utilisateur : DESKTOP-MIKA\mchav
Utilisateur runAs :  DESKTOP-MIKA\mchav
Nom de la configuration : 
Ordinateur : DESKTOP-MIKA (Microsoft Windows NT 10.0.26200.0)
Application hôte : C:\Windows\System32\WindowsPowerShell\v1.0\powershell.exe
ID de processus : 18224
PSVersion: 5.1.26100.7462
PSEdition: Desktop
PSCompatibleVersions: 1.0, 2.0, 3.0, 4.0, 5.0, 5.1.26100.7462
BuildVersion: 10.0.26100.7462
CLRVersion: 4.0.30319.42000
WSManStackVersion: 3.0
PSRemotingProtocolVersion: 2.3
SerializationVersion: 1.1.0.1
**********************
-------------------------------------------------------------------------------------------
 PowerShell Report Builder v1.0.0
 Interactive HTML report generator based on PSWriteHTML
-------------------------------------------------------------------------------------------

> Installing required module: PSWriteHTML (Version 1.40.0)
> Module PSWriteHTML (Version 1.40.0) installed successfully.
> Importing module PSWriteHTML (Version 1.40.0)...
> Module Microsoft.Graph.Authentication  is available.
> Importing module Microsoft.Graph.Authentication ...

> Loading PSReportBuilder modules...
Au caractère E:\Github\PSReportBuilder\Modules\ReportElements.psm1:57 : 74
+ ... ðŸ“‘'; CanContain = @('Section', 'Panel', 'Table', 'Chart', 'Text') }
+                            ~~~~~~~~~~~~~~~~~~~~~~~~~~~~~~~~~~~~~~~~~~~~~~
Jeton inattendu « Section', 'Panel', 'Table', 'Chart', 'Text') }
    'Section'   = @{ DisplayName = 'Section'; Icon = 'ðŸ“¦'; CanContain = @('Panel', 'Table', 'Chart', 'Text') }
    'Panel'     = @{ DisplayName = 'Panel'; Icon = 'ðŸ—‚ï¸'; CanContain = @('Table', 'Chart', 'Text') }
    'Table'     = @{ DisplayName = 'Table'; Icon = 'ðŸ“Š'; CanContain = @() }
    'Chart'     = @{ DisplayName = 'Chart'; Icon = 'ðŸ“ˆ'; CanContain = @() }
    'Text'      = @{ DisplayName = 'Text'; Icon = 'ðŸ“'; CanContain = @() }
}

# Function to create a new element
function New-ReportElement {
    [CmdletBinding()]
    param(
        [Parameter(Mandatory)]
        [ValidateSet('Tab', 'Section', 'Panel', 'Table', 'Chart', 'Text')]
        [string]$Type,

        [Parameter(Mandatory)]
        [string]$Name,

        [hashtable]$Properties = @{}
    )

    $element = [ReportElement]::new($Type, $Name)

    # Default properties based on type
    switch ($Type) {
        'Tab' {
            $element.Properties = @{
                TabName = $Name
                IconSolid = ''
            }
        }
        'Section' {
            $element.Properties = @{
                HeaderText = $Name
                CanCollapse = $false
                Invisible = $false
            }
        }
        'Panel' {
            $element.Properties = @{
                BackgroundColor = ''
            }
        }
        'Table' {
            $element.Properties = @{
                DataSourceId = ''
                HideFooter = $true
                DisablePaging = $false
                DisableSearch = $false
            }
        }
        'Chart' {
            $element.Properties = @{
                Title = $Name
                ChartType = 'Bar'  # Bar, Pie, Line, Donut
                DataSourceId = ''
            }
        }
        'Text' {
            $element.Properties = @{
                Text = ''
                Color = ''
                Alignment = 'left'
                FontSize = ''
            }
        }
    }

    # Merge with provided properties
    foreach ($key in $Properties.Keys) {
        $element.Properties[$key] = $Properties[$key]
    }

    return $element
}

# Function to get element types
function Get-ReportElementTypes {
    return $Script:ElementTypes
}

# Function to validate if an element can contain another
function Test-CanContainElement {
    [CmdletBinding()]
    param(
        [Parameter(Mandatory)]
        [ReportElement]$Parent,

        [Parameter(Mandatory)]
        [string]$ChildType
    )

    $parentTypeInfo = $Script:ElementTypes[$Parent.Type]
    return $parentTypeInfo.CanContain -contains $ChildType
}

# Function to generate PSWriteHTML code for an element
function ConvertTo-PSWriteHTMLCode {
    [CmdletBinding()]
    param(
        [Parameter(Mandatory)]
        [ReportElement]$Element,

        [int]$IndentLevel = 0
    )

    $indent = "    " * $IndentLevel
    $code = ""

    switch ($Element.Type) {
        'Tab' {
            $params = @()
            if ($Element.Properties.TabName) { $params += "-TabName '$($Element.Properties.TabName)'" }
            if ($Element.Properties.IconSolid) { $params += "-IconSolid $($Element.Properties.IconSolid)" }

            $code = "${indent}New-HTMLTab $($params -join ' » dans l’expression ou l’instruction.

Au caractère E:\Github\PSReportBuilder\Modules\ReportElements.psm1:57 : 74
+ ...     = @{ DisplayName = 'Tab'; Icon = 'ðŸ“‘'; CanContain = @('Section' ...
+                                                                  ~
Le littéral de hachage est incomplet.

Au caractère E:\Github\PSReportBuilder\Modules\ReportElements.psm1:57 : 73
+ ...      = @{ DisplayName = 'Tab'; Icon = 'ðŸ“‘'; CanContain = @('Section ...
+                                                                  ~
Le littéral de hachage est incomplet.

Au caractère E:\Github\PSReportBuilder\Modules\ReportElements.psm1:232 : 31
+     'ConvertTo-PSWriteHTMLCode'
+                               ~
Le terminateur ' est manquant dans la chaîne.
    + CategoryInfo          : ParserError: (:) [], ParentContainsErrorRecordException
    + FullyQualifiedErrorId : UnexpectedToken
Au caractère E:\Github\PSReportBuilder\Modules\ReportElements.psm1:57 : 74
+ ... ðŸ“‘'; CanContain = @('Section', 'Panel', 'Table', 'Chart', 'Text') }
+                            ~~~~~~~~~~~~~~~~~~~~~~~~~~~~~~~~~~~~~~~~~~~~~~
Jeton inattendu « Section', 'Panel', 'Table', 'Chart', 'Text') }
    'Section'   = @{ DisplayName = 'Section'; Icon = 'ðŸ“¦'; CanContain = @('Panel', 'Table', 'Chart', 'Text') }
    'Panel'     = @{ DisplayName = 'Panel'; Icon = 'ðŸ—‚ï¸'; CanContain = @('Table', 'Chart', 'Text') }
    'Table'     = @{ DisplayName = 'Table'; Icon = 'ðŸ“Š'; CanContain = @() }
    'Chart'     = @{ DisplayName = 'Chart'; Icon = 'ðŸ“ˆ'; CanContain = @() }
    'Text'      = @{ DisplayName = 'Text'; Icon = 'ðŸ“'; CanContain = @() }
}

# Function to create a new element
function New-ReportElement {
    [CmdletBinding()]
    param(
        [Parameter(Mandatory)]
        [ValidateSet('Tab', 'Section', 'Panel', 'Table', 'Chart', 'Text')]
        [string]$Type,

        [Parameter(Mandatory)]
        [string]$Name,

        [hashtable]$Properties = @{}
    )

    $element = [ReportElement]::new($Type, $Name)

    # Default properties based on type
    switch ($Type) {
        'Tab' {
            $element.Properties = @{
                TabName = $Name
                IconSolid = ''
            }
        }
        'Section' {
            $element.Properties = @{
                HeaderText = $Name
                CanCollapse = $false
                Invisible = $false
            }
        }
        'Panel' {
            $element.Properties = @{
                BackgroundColor = ''
            }
        }
        'Table' {
            $element.Properties = @{
                DataSourceId = ''
                HideFooter = $true
                DisablePaging = $false
                DisableSearch = $false
            }
        }
        'Chart' {
            $element.Properties = @{
                Title = $Name
                ChartType = 'Bar'  # Bar, Pie, Line, Donut
                DataSourceId = ''
            }
        }
        'Text' {
            $element.Properties = @{
                Text = ''
                Color = ''
                Alignment = 'left'
                FontSize = ''
            }
        }
    }

    # Merge with provided properties
    foreach ($key in $Properties.Keys) {
        $element.Properties[$key] = $Properties[$key]
    }

    return $element
}

# Function to get element types
function Get-ReportElementTypes {
    return $Script:ElementTypes
}

# Function to validate if an element can contain another
function Test-CanContainElement {
    [CmdletBinding()]
    param(
        [Parameter(Mandatory)]
        [ReportElement]$Parent,

        [Parameter(Mandatory)]
        [string]$ChildType
    )

    $parentTypeInfo = $Script:ElementTypes[$Parent.Type]
    return $parentTypeInfo.CanContain -contains $ChildType
}

# Function to generate PSWriteHTML code for an element
function ConvertTo-PSWriteHTMLCode {
    [CmdletBinding()]
    param(
        [Parameter(Mandatory)]
        [ReportElement]$Element,

        [int]$IndentLevel = 0
    )

    $indent = "    " * $IndentLevel
    $code = ""

    switch ($Element.Type) {
        'Tab' {
            $params = @()
            if ($Element.Properties.TabName) { $params += "-TabName '$($Element.Properties.TabName)'" }
            if ($Element.Properties.IconSolid) { $params += "-IconSolid $($Element.Properties.IconSolid)" }

            $code = "${indent}New-HTMLTab $($params -join ' » dans l’expression ou l’instruction.

Au caractère E:\Github\PSReportBuilder\Modules\ReportElements.psm1:57 : 74
+ ...     = @{ DisplayName = 'Tab'; Icon = 'ðŸ“‘'; CanContain = @('Section' ...
+                                                                  ~
Le littéral de hachage est incomplet.

Au caractère E:\Github\PSReportBuilder\Modules\ReportElements.psm1:57 : 73
+ ...      = @{ DisplayName = 'Tab'; Icon = 'ðŸ“‘'; CanContain = @('Section ...
+                                                                  ~
Le littéral de hachage est incomplet.

Au caractère E:\Github\PSReportBuilder\Modules\ReportElements.psm1:232 : 31
+     'ConvertTo-PSWriteHTMLCode'
+                               ~
Le terminateur ' est manquant dans la chaîne.
    + CategoryInfo          : ParserError: (:) [], ParentContainsErrorRecordException
    + FullyQualifiedErrorId : UnexpectedToken

Import-Module : Le module «E:\Github\PSReportBuilder\Modules\ReportElements.psm1» spécifié n'a pas été chargé, car 
aucun fichier de module valide n'a été trouvé dans un répertoire de module.
Au caractère E:\Github\PSReportBuilder\PSReportBuilder.ps1:137 : 13
+             Import-Module $modulePath -Force
+             ~~~~~~~~~~~~~~~~~~~~~~~~~~~~~~~~
    + CategoryInfo          : ResourceUnavailable: (E:\Github\PSRep...rtElements.psm1:String) [Import-Module], 
FileNotFoundException
    + FullyQualifiedErrorId : Modules_ModuleNotFound,Microsoft.PowerShell.Commands.ImportModuleCommand
Import-Module : Le module «E:\Github\PSReportBuilder\Modules\ReportElements.psm1» spécifié n'a pas été chargé, car aucun fichier de
module valide n'a été trouvé dans un répertoire de module.
Au caractère E:\Github\PSReportBuilder\PSReportBuilder.ps1:137 : 13
+             Import-Module $modulePath -Force
+             ~~~~~~~~~~~~~~~~~~~~~~~~~~~~~~~~
    + CategoryInfo          : ResourceUnavailable: (E:\Github\PSRep...rtElements.psm1:String) [Import-Module], FileNotFoundException
    + FullyQualifiedErrorId : Modules_ModuleNotFound,Microsoft.PowerShell.Commands.ImportModuleCommand

  > Loaded: ReportElements.psm1
  > Loaded: DataSources.psm1
  > Loaded: ReportGenerator.psm1

> Starting PowerShell Report Builder UI...
> UI loaded successfully

**********************
Fin de la transcription Windows PowerShell
Heure de fin : 20251218171421
**********************
